// Jest Snapshot v1, https://goo.gl/fbAQLP

exports[`List Component should render correctly with props 1`] = `
<List
  data={
    Object {
      "artistName": "Hrithik Naha",
      "releaseDate": 2021-05-06T13:59:35.450Z,
      "trackName": "Neil",
      "trackPrice": 12,
    }
  }
>
  <WithStyles(ForwardRef(Card))
    className="makeStyles-root-1"
  >
    <ForwardRef(Card)
      className="makeStyles-root-1"
      classes={
        Object {
          "root": "MuiCard-root",
        }
      }
    >
      <WithStyles(ForwardRef(Paper))
        className="MuiCard-root makeStyles-root-1"
        elevation={1}
      >
        <ForwardRef(Paper)
          className="MuiCard-root makeStyles-root-1"
          classes={
            Object {
              "elevation0": "MuiPaper-elevation0",
              "elevation1": "MuiPaper-elevation1",
              "elevation10": "MuiPaper-elevation10",
              "elevation11": "MuiPaper-elevation11",
              "elevation12": "MuiPaper-elevation12",
              "elevation13": "MuiPaper-elevation13",
              "elevation14": "MuiPaper-elevation14",
              "elevation15": "MuiPaper-elevation15",
              "elevation16": "MuiPaper-elevation16",
              "elevation17": "MuiPaper-elevation17",
              "elevation18": "MuiPaper-elevation18",
              "elevation19": "MuiPaper-elevation19",
              "elevation2": "MuiPaper-elevation2",
              "elevation20": "MuiPaper-elevation20",
              "elevation21": "MuiPaper-elevation21",
              "elevation22": "MuiPaper-elevation22",
              "elevation23": "MuiPaper-elevation23",
              "elevation24": "MuiPaper-elevation24",
              "elevation3": "MuiPaper-elevation3",
              "elevation4": "MuiPaper-elevation4",
              "elevation5": "MuiPaper-elevation5",
              "elevation6": "MuiPaper-elevation6",
              "elevation7": "MuiPaper-elevation7",
              "elevation8": "MuiPaper-elevation8",
              "elevation9": "MuiPaper-elevation9",
              "outlined": "MuiPaper-outlined",
              "root": "MuiPaper-root",
              "rounded": "MuiPaper-rounded",
            }
          }
          elevation={1}
        >
          <div
            className="MuiPaper-root MuiCard-root makeStyles-root-1 MuiPaper-elevation1 MuiPaper-rounded"
          >
            <WithStyles(ForwardRef(CardContent))>
              <ForwardRef(CardContent)
                classes={
                  Object {
                    "root": "MuiCardContent-root",
                  }
                }
              >
                <div
                  className="MuiCardContent-root"
                >
                  <WithStyles(ForwardRef(Typography))
                    className="makeStyles-title-2"
                    color="textSecondary"
                    gutterBottom={true}
                  >
                    <ForwardRef(Typography)
                      className="makeStyles-title-2"
                      classes={
                        Object {
                          "alignCenter": "MuiTypography-alignCenter",
                          "alignJustify": "MuiTypography-alignJustify",
                          "alignLeft": "MuiTypography-alignLeft",
                          "alignRight": "MuiTypography-alignRight",
                          "body1": "MuiTypography-body1",
                          "body2": "MuiTypography-body2",
                          "button": "MuiTypography-button",
                          "caption": "MuiTypography-caption",
                          "colorError": "MuiTypography-colorError",
                          "colorInherit": "MuiTypography-colorInherit",
                          "colorPrimary": "MuiTypography-colorPrimary",
                          "colorSecondary": "MuiTypography-colorSecondary",
                          "colorTextPrimary": "MuiTypography-colorTextPrimary",
                          "colorTextSecondary": "MuiTypography-colorTextSecondary",
                          "displayBlock": "MuiTypography-displayBlock",
                          "displayInline": "MuiTypography-displayInline",
                          "gutterBottom": "MuiTypography-gutterBottom",
                          "h1": "MuiTypography-h1",
                          "h2": "MuiTypography-h2",
                          "h3": "MuiTypography-h3",
                          "h4": "MuiTypography-h4",
                          "h5": "MuiTypography-h5",
                          "h6": "MuiTypography-h6",
                          "noWrap": "MuiTypography-noWrap",
                          "overline": "MuiTypography-overline",
                          "paragraph": "MuiTypography-paragraph",
                          "root": "MuiTypography-root",
                          "srOnly": "MuiTypography-srOnly",
                          "subtitle1": "MuiTypography-subtitle1",
                          "subtitle2": "MuiTypography-subtitle2",
                        }
                      }
                      color="textSecondary"
                      gutterBottom={true}
                    >
                      <p
                        className="MuiTypography-root makeStyles-title-2 MuiTypography-body1 MuiTypography-colorTextSecondary MuiTypography-gutterBottom"
                      >
                        Hrithik Naha
                      </p>
                    </ForwardRef(Typography)>
                  </WithStyles(ForwardRef(Typography))>
                  <WithStyles(ForwardRef(Typography))
                    component="h2"
                    variant="h5"
                  >
                    <ForwardRef(Typography)
                      classes={
                        Object {
                          "alignCenter": "MuiTypography-alignCenter",
                          "alignJustify": "MuiTypography-alignJustify",
                          "alignLeft": "MuiTypography-alignLeft",
                          "alignRight": "MuiTypography-alignRight",
                          "body1": "MuiTypography-body1",
                          "body2": "MuiTypography-body2",
                          "button": "MuiTypography-button",
                          "caption": "MuiTypography-caption",
                          "colorError": "MuiTypography-colorError",
                          "colorInherit": "MuiTypography-colorInherit",
                          "colorPrimary": "MuiTypography-colorPrimary",
                          "colorSecondary": "MuiTypography-colorSecondary",
                          "colorTextPrimary": "MuiTypography-colorTextPrimary",
                          "colorTextSecondary": "MuiTypography-colorTextSecondary",
                          "displayBlock": "MuiTypography-displayBlock",
                          "displayInline": "MuiTypography-displayInline",
                          "gutterBottom": "MuiTypography-gutterBottom",
                          "h1": "MuiTypography-h1",
                          "h2": "MuiTypography-h2",
                          "h3": "MuiTypography-h3",
                          "h4": "MuiTypography-h4",
                          "h5": "MuiTypography-h5",
                          "h6": "MuiTypography-h6",
                          "noWrap": "MuiTypography-noWrap",
                          "overline": "MuiTypography-overline",
                          "paragraph": "MuiTypography-paragraph",
                          "root": "MuiTypography-root",
                          "srOnly": "MuiTypography-srOnly",
                          "subtitle1": "MuiTypography-subtitle1",
                          "subtitle2": "MuiTypography-subtitle2",
                        }
                      }
                      component="h2"
                      variant="h5"
                    >
                      <h2
                        className="MuiTypography-root MuiTypography-h5"
                      >
                        Neil
                      </h2>
                    </ForwardRef(Typography)>
                  </WithStyles(ForwardRef(Typography))>
                  <WithStyles(ForwardRef(Typography))
                    className="makeStyles-pos-3"
                    color="textSecondary"
                  >
                    <ForwardRef(Typography)
                      className="makeStyles-pos-3"
                      classes={
                        Object {
                          "alignCenter": "MuiTypography-alignCenter",
                          "alignJustify": "MuiTypography-alignJustify",
                          "alignLeft": "MuiTypography-alignLeft",
                          "alignRight": "MuiTypography-alignRight",
                          "body1": "MuiTypography-body1",
                          "body2": "MuiTypography-body2",
                          "button": "MuiTypography-button",
                          "caption": "MuiTypography-caption",
                          "colorError": "MuiTypography-colorError",
                          "colorInherit": "MuiTypography-colorInherit",
                          "colorPrimary": "MuiTypography-colorPrimary",
                          "colorSecondary": "MuiTypography-colorSecondary",
                          "colorTextPrimary": "MuiTypography-colorTextPrimary",
                          "colorTextSecondary": "MuiTypography-colorTextSecondary",
                          "displayBlock": "MuiTypography-displayBlock",
                          "displayInline": "MuiTypography-displayInline",
                          "gutterBottom": "MuiTypography-gutterBottom",
                          "h1": "MuiTypography-h1",
                          "h2": "MuiTypography-h2",
                          "h3": "MuiTypography-h3",
                          "h4": "MuiTypography-h4",
                          "h5": "MuiTypography-h5",
                          "h6": "MuiTypography-h6",
                          "noWrap": "MuiTypography-noWrap",
                          "overline": "MuiTypography-overline",
                          "paragraph": "MuiTypography-paragraph",
                          "root": "MuiTypography-root",
                          "srOnly": "MuiTypography-srOnly",
                          "subtitle1": "MuiTypography-subtitle1",
                          "subtitle2": "MuiTypography-subtitle2",
                        }
                      }
                      color="textSecondary"
                    >
                      <p
                        className="MuiTypography-root makeStyles-pos-3 MuiTypography-body1 MuiTypography-colorTextSecondary"
                      >
                        May 6th 2021
                      </p>
                    </ForwardRef(Typography)>
                  </WithStyles(ForwardRef(Typography))>
                  <WithStyles(ForwardRef(Typography))
                    component="p"
                    variant="body2"
                  >
                    <ForwardRef(Typography)
                      classes={
                        Object {
                          "alignCenter": "MuiTypography-alignCenter",
                          "alignJustify": "MuiTypography-alignJustify",
                          "alignLeft": "MuiTypography-alignLeft",
                          "alignRight": "MuiTypography-alignRight",
                          "body1": "MuiTypography-body1",
                          "body2": "MuiTypography-body2",
                          "button": "MuiTypography-button",
                          "caption": "MuiTypography-caption",
                          "colorError": "MuiTypography-colorError",
                          "colorInherit": "MuiTypography-colorInherit",
                          "colorPrimary": "MuiTypography-colorPrimary",
                          "colorSecondary": "MuiTypography-colorSecondary",
                          "colorTextPrimary": "MuiTypography-colorTextPrimary",
                          "colorTextSecondary": "MuiTypography-colorTextSecondary",
                          "displayBlock": "MuiTypography-displayBlock",
                          "displayInline": "MuiTypography-displayInline",
                          "gutterBottom": "MuiTypography-gutterBottom",
                          "h1": "MuiTypography-h1",
                          "h2": "MuiTypography-h2",
                          "h3": "MuiTypography-h3",
                          "h4": "MuiTypography-h4",
                          "h5": "MuiTypography-h5",
                          "h6": "MuiTypography-h6",
                          "noWrap": "MuiTypography-noWrap",
                          "overline": "MuiTypography-overline",
                          "paragraph": "MuiTypography-paragraph",
                          "root": "MuiTypography-root",
                          "srOnly": "MuiTypography-srOnly",
                          "subtitle1": "MuiTypography-subtitle1",
                          "subtitle2": "MuiTypography-subtitle2",
                        }
                      }
                      component="p"
                      variant="body2"
                    >
                      <p
                        className="MuiTypography-root MuiTypography-body2"
                      >
                        Price 
                        12
                      </p>
                    </ForwardRef(Typography)>
                  </WithStyles(ForwardRef(Typography))>
                </div>
              </ForwardRef(CardContent)>
            </WithStyles(ForwardRef(CardContent))>
          </div>
        </ForwardRef(Paper)>
      </WithStyles(ForwardRef(Paper))>
    </ForwardRef(Card)>
  </WithStyles(ForwardRef(Card))>
</List>
`;
